Name:                                                     scaletestapp
Namespace:                                                default
Labels:                                                   <none>
Annotations:                                              <none>
CreationTimestamp:                                        Thu, 13 Aug 2026 10:12:22 +0500
Reference:                                                Deployment/scaletestapp
Metrics:                                                  ( current / target )
  resource memory on pods  (as a percentage of request):  105% (8876441600m) / 80%
Min replicas:                                             1
Max replicas:                                             10
Behavior:
  Scale Up:
    Stabilization Window: 0 seconds
    Select Policy: Max
    Policies:
      - Type: Percent  Value: 100  Period: 30 seconds
  Scale Down:
    Stabilization Window: 300 seconds
    Select Policy: Max
    Policies:
      - Type: Percent  Value: 50  Period: 60 seconds
Deployment pods:       10 current / 10 desired
Conditions:
  Type            Status  Reason            Message
  ----            ------  ------            -------
  AbleToScale     True    ReadyForNewScale  recommended size matches current size
  ScalingActive   True    ValidMetricFound  the HPA was able to successfully calculate a replica count from memory resource utilization (percentage of request)
  ScalingLimited  True    TooManyReplicas   the desired replica count is more than the maximum replica count
Events:
  Type     Reason                        Age                 From                       Message
  ----     ------                        ----                ----                       -------
  Warning  FailedGetResourceMetric       14m (x13 over 19m)  horizontal-pod-autoscaler  failed to get memory utilization: unable to get metrics for resource memory: no metrics returned from resource metrics API
  Warning  FailedComputeMetricsReplicas  14m (x13 over 19m)  horizontal-pod-autoscaler  invalid metrics (1 invalid out of 1), first error is: failed to get memory resource metric value: failed to get memory utilization: unable to get metrics for resource memory: no metrics returned from resource metrics API
  Normal   SuccessfulRescale             12m                 horizontal-pod-autoscaler  New size: 2; reason: memory resource utilization (percentage of request) above target
  Normal   SuccessfulRescale             11m                 horizontal-pod-autoscaler  New size: 4; reason: memory resource utilization (percentage of request) above target
  Normal   SuccessfulRescale             5m16s               horizontal-pod-autoscaler  New size: 7; reason: memory resource utilization (percentage of request) above target
  Normal   SuccessfulRescale             4m16s               horizontal-pod-autoscaler  New size: 10; reason: memory resource utilization (percentage of request) above target
